   After |  Peak Mem | File Name                             |   Before | Peak Mem ||    Change || Change (mem) | % Change | % Change (mem)
-------------------------------------------------------------------------------------------------------------------------------------------
0m25.96s | 566428 ko | Total Time / Peak Mem                 | 0m00.00s |     0 ko || +0m25.96s ||    566428 ko |   N/A    |              ∞
-------------------------------------------------------------------------------------------------------------------------------------------
0m25.97s | 566428 ko | UnsaturatedSolinasHeuristics/Tests.vo |   N/A    |   N/A    || +0m25.96s ||    566428 ko |        ∞ |              ∞
